// Jest Snapshot v1, https://goo.gl/fbAQLP

exports[`Snapshot 1`] = `
Object {
  "Parameters": Object {
    "BootstrapVersion": Object {
      "Default": "/cdk-bootstrap/hnb659fds/version",
      "Description": "Version of the CDK Bootstrap resources in this environment, automatically retrieved from SSM Parameter Store. [cdk:skip]",
      "Type": "AWS::SSM::Parameter::Value<String>",
    },
  },
  "Resources": Object {
    "VoiceConnectorDashboardC28983B6": Object {
      "DeletionPolicy": "Delete",
      "Properties": Object {
        "DashboardBody": "{\\"start\\":\\"-PT1H\\",\\"widgets\\":[{\\"type\\":\\"metric\\",\\"width\\":12,\\"height\\":6,\\"x\\":0,\\"y\\":0,\\"properties\\":{\\"view\\":\\"timeSeries\\",\\"title\\":\\"Outbound Calls - us-east-1\\",\\"region\\":\\"us-east-1\\",\\"stacked\\":false,\\"metrics\\":[[\\"AWS/ChimeVoiceConnector\\",\\"OutboundCallsActive\\",{\\"color\\":\\"#2ca02c\\",\\"region\\":\\"us-east-1\\",\\"period\\":60,\\"stat\\":\\"Sum\\"}],[\\"AWS/ChimeVoiceConnector\\",\\"OutboundCallFailures\\",{\\"color\\":\\"#d62728\\",\\"region\\":\\"us-east-1\\",\\"period\\":60,\\"stat\\":\\"Sum\\"}]],\\"yAxis\\":{},\\"liveData\\":true,\\"period\\":60,\\"stat\\":\\"Sum\\"}},{\\"type\\":\\"metric\\",\\"width\\":12,\\"height\\":6,\\"x\\":12,\\"y\\":6,\\"properties\\":{\\"view\\":\\"timeSeries\\",\\"title\\":\\"Outbound Calls - us-west-2\\",\\"region\\":\\"us-west-2\\",\\"stacked\\":false,\\"metrics\\":[[\\"AWS/ChimeVoiceConnector\\",\\"OutboundCallsActive\\",{\\"color\\":\\"#2ca02c\\",\\"region\\":\\"us-west-2\\",\\"period\\":60,\\"stat\\":\\"Sum\\"}],[\\"AWS/ChimeVoiceConnector\\",\\"OutboundCallFailures\\",{\\"color\\":\\"#d62728\\",\\"region\\":\\"us-west-2\\",\\"period\\":60,\\"stat\\":\\"Sum\\"}]],\\"yAxis\\":{},\\"liveData\\":true,\\"period\\":60,\\"stat\\":\\"Sum\\"}},{\\"type\\":\\"metric\\",\\"width\\":12,\\"height\\":6,\\"x\\":0,\\"y\\":12,\\"properties\\":{\\"view\\":\\"timeSeries\\",\\"title\\":\\"Inbound Calls - us-east-1\\",\\"region\\":\\"us-east-1\\",\\"stacked\\":false,\\"metrics\\":[[\\"AWS/ChimeVoiceConnector\\",\\"InboundCallsActive\\",{\\"color\\":\\"#2ca02c\\",\\"region\\":\\"us-east-1\\",\\"period\\":60,\\"stat\\":\\"Sum\\"}],[\\"AWS/ChimeVoiceConnector\\",\\"InboundCallFailures\\",{\\"color\\":\\"#d62728\\",\\"region\\":\\"us-east-1\\",\\"period\\":60,\\"stat\\":\\"Sum\\"}]],\\"yAxis\\":{},\\"liveData\\":true,\\"period\\":60,\\"stat\\":\\"Sum\\"}},{\\"type\\":\\"metric\\",\\"width\\":12,\\"height\\":6,\\"x\\":12,\\"y\\":18,\\"properties\\":{\\"view\\":\\"timeSeries\\",\\"title\\":\\"Inbound Calls - us-west-2\\",\\"region\\":\\"us-west-2\\",\\"stacked\\":false,\\"metrics\\":[[\\"AWS/ChimeVoiceConnector\\",\\"InboundCallsActive\\",{\\"color\\":\\"#2ca02c\\",\\"region\\":\\"us-west-2\\",\\"period\\":60,\\"stat\\":\\"Sum\\"}],[\\"AWS/ChimeVoiceConnector\\",\\"InboundCallFailures\\",{\\"color\\":\\"#d62728\\",\\"region\\":\\"us-west-2\\",\\"period\\":60,\\"stat\\":\\"Sum\\"}]],\\"yAxis\\":{},\\"liveData\\":true,\\"period\\":60,\\"stat\\":\\"Sum\\"}},{\\"type\\":\\"metric\\",\\"width\\":12,\\"height\\":6,\\"x\\":0,\\"y\\":24,\\"properties\\":{\\"view\\":\\"timeSeries\\",\\"title\\":\\"MOS - us-east-1\\",\\"region\\":\\"us-east-1\\",\\"stacked\\":false,\\"metrics\\":[[\\"AWS/ChimeVoiceConnector\\",\\"MOSBetweenVcAndCustomer\\",{\\"region\\":\\"us-east-1\\",\\"period\\":60}]],\\"annotations\\":{\\"horizontal\\":[{\\"label\\":\\"Acceptable MOS\\",\\"value\\":3.9,\\"yAxis\\":\\"left\\"}]},\\"yAxis\\":{\\"left\\":{\\"min\\":0,\\"max\\":5}},\\"liveData\\":true,\\"period\\":60,\\"stat\\":\\"Average\\"}},{\\"type\\":\\"metric\\",\\"width\\":12,\\"height\\":6,\\"x\\":12,\\"y\\":30,\\"properties\\":{\\"view\\":\\"timeSeries\\",\\"title\\":\\"MOS - us-west-2\\",\\"region\\":\\"us-west-2\\",\\"stacked\\":false,\\"metrics\\":[[\\"AWS/ChimeVoiceConnector\\",\\"MOSBetweenVcAndCustomer\\",{\\"region\\":\\"us-west-2\\",\\"period\\":60}]],\\"annotations\\":{\\"horizontal\\":[{\\"label\\":\\"Acceptable MOS\\",\\"value\\":3.9,\\"yAxis\\":\\"left\\"}]},\\"yAxis\\":{\\"left\\":{\\"min\\":0,\\"max\\":5}},\\"liveData\\":true,\\"period\\":60,\\"stat\\":\\"Average\\"}},{\\"type\\":\\"metric\\",\\"width\\":12,\\"height\\":6,\\"x\\":0,\\"y\\":36,\\"properties\\":{\\"view\\":\\"timeSeries\\",\\"title\\":\\"RTT - us-east-1\\",\\"region\\":\\"us-east-1\\",\\"stacked\\":false,\\"metrics\\":[[{\\"label\\":\\"RTT in ms\\",\\"expression\\":\\"(rttBetweenVCandCustomer/1000)\\"}],[\\"AWS/ChimeVoiceConnector\\",\\"RTTBetweenVcAndCustomer\\",{\\"region\\":\\"us-east-1\\",\\"visible\\":false,\\"id\\":\\"rttBetweenVCandCustomer\\"}]],\\"annotations\\":{\\"horizontal\\":[{\\"label\\":\\"Acceptable RTT in ms\\",\\"value\\":150,\\"yAxis\\":\\"left\\"}]},\\"yAxis\\":{\\"left\\":{\\"min\\":0}},\\"liveData\\":true,\\"period\\":60,\\"stat\\":\\"Average\\"}},{\\"type\\":\\"metric\\",\\"width\\":12,\\"height\\":6,\\"x\\":12,\\"y\\":42,\\"properties\\":{\\"view\\":\\"timeSeries\\",\\"title\\":\\"RTT - us-west-2\\",\\"region\\":\\"us-west-2\\",\\"stacked\\":false,\\"metrics\\":[[{\\"label\\":\\"RTT in ms\\",\\"expression\\":\\"(rttBetweenVCandCustomer/1000)\\"}],[\\"AWS/ChimeVoiceConnector\\",\\"RTTBetweenVcAndCustomer\\",{\\"region\\":\\"us-west-2\\",\\"visible\\":false,\\"id\\":\\"rttBetweenVCandCustomer\\"}]],\\"annotations\\":{\\"horizontal\\":[{\\"label\\":\\"Acceptable RTT in ms\\",\\"value\\":150,\\"yAxis\\":\\"left\\"}]},\\"yAxis\\":{\\"left\\":{\\"min\\":0}},\\"liveData\\":true,\\"period\\":60,\\"stat\\":\\"Average\\"}},{\\"type\\":\\"metric\\",\\"width\\":12,\\"height\\":6,\\"x\\":0,\\"y\\":48,\\"properties\\":{\\"view\\":\\"timeSeries\\",\\"title\\":\\"Packet Loss % - us-east-1\\",\\"region\\":\\"us-east-1\\",\\"stacked\\":false,\\"metrics\\":[[{\\"label\\":\\"Packet Lost % - CustomerToVC\\",\\"color\\":\\"#e377c2\\",\\"expression\\":\\"IF(vcToCustomerRtpPackets, IF(vcToCustomerPacketsLost, (3000-vcToCustomerRtpPackets)/3000*100, 0), 0)\\"}],[\\"AWS/ChimeVoiceConnector\\",\\"CustomerToVcRtpPackets\\",{\\"label\\":\\"CustomerToVcRtpPackets\\",\\"region\\":\\"us-east-1\\",\\"visible\\":false,\\"id\\":\\"customerToVcRtpPackets\\"}],[\\"AWS/ChimeVoiceConnector\\",\\"CustomerToVcPacketsLost\\",{\\"region\\":\\"us-east-1\\",\\"visible\\":false,\\"id\\":\\"customerToVcPacketsLost\\"}],[{\\"label\\":\\"Packet Lost % - VCToCustomer\\",\\"color\\":\\"#bcbd22\\",\\"expression\\":\\"IF(vcToCustomerRtpPackets, IF(vcToCustomerPacketsLost, (3000-vcToCustomerRtpPackets)/3000*100, 0), 0)\\"}],[\\"AWS/ChimeVoiceConnector\\",\\"VcToCustomerRtpPackets\\",{\\"label\\":\\"VcToCustomerRtpPackets\\",\\"region\\":\\"us-east-1\\",\\"visible\\":false,\\"id\\":\\"vcToCustomerRtpPackets\\"}],[\\"AWS/ChimeVoiceConnector\\",\\"VcToCustomerPacketsLost\\",{\\"region\\":\\"us-east-1\\",\\"visible\\":false,\\"id\\":\\"vcToCustomerPacketsLost\\"}]],\\"annotations\\":{\\"horizontal\\":[{\\"label\\":\\"AcceptablePacket Loss\\",\\"value\\":1,\\"yAxis\\":\\"left\\"}]},\\"yAxis\\":{\\"left\\":{\\"min\\":0}},\\"liveData\\":true,\\"period\\":60,\\"stat\\":\\"Average\\"}},{\\"type\\":\\"metric\\",\\"width\\":12,\\"height\\":6,\\"x\\":12,\\"y\\":54,\\"properties\\":{\\"view\\":\\"timeSeries\\",\\"title\\":\\"Packet Loss % - us-west-2\\",\\"region\\":\\"us-west-2\\",\\"stacked\\":false,\\"metrics\\":[[{\\"label\\":\\"Packet Lost % - CustomerToVC\\",\\"color\\":\\"#e377c2\\",\\"expression\\":\\"IF(vcToCustomerRtpPackets, IF(vcToCustomerPacketsLost, (3000-vcToCustomerRtpPackets)/3000*100, 0), 0)\\"}],[\\"AWS/ChimeVoiceConnector\\",\\"CustomerToVcRtpPackets\\",{\\"label\\":\\"CustomerToVcRtpPackets\\",\\"region\\":\\"us-west-2\\",\\"visible\\":false,\\"id\\":\\"customerToVcRtpPackets\\"}],[\\"AWS/ChimeVoiceConnector\\",\\"CustomerToVcPacketsLost\\",{\\"region\\":\\"us-west-2\\",\\"visible\\":false,\\"id\\":\\"customerToVcPacketsLost\\"}],[{\\"label\\":\\"Packet Lost % - VCToCustomer\\",\\"color\\":\\"#bcbd22\\",\\"expression\\":\\"IF(vcToCustomerRtpPackets, IF(vcToCustomerPacketsLost, (3000-vcToCustomerRtpPackets)/3000*100, 0), 0)\\"}],[\\"AWS/ChimeVoiceConnector\\",\\"VcToCustomerRtpPackets\\",{\\"label\\":\\"VcToCustomerRtpPackets\\",\\"region\\":\\"us-west-2\\",\\"visible\\":false,\\"id\\":\\"vcToCustomerRtpPackets\\"}],[\\"AWS/ChimeVoiceConnector\\",\\"VcToCustomerPacketsLost\\",{\\"region\\":\\"us-west-2\\",\\"visible\\":false,\\"id\\":\\"vcToCustomerPacketsLost\\"}]],\\"annotations\\":{\\"horizontal\\":[{\\"label\\":\\"AcceptablePacket Loss\\",\\"value\\":1,\\"yAxis\\":\\"left\\"}]},\\"yAxis\\":{\\"left\\":{\\"min\\":0}},\\"liveData\\":true,\\"period\\":60,\\"stat\\":\\"Average\\"}},{\\"type\\":\\"metric\\",\\"width\\":12,\\"height\\":6,\\"x\\":0,\\"y\\":60,\\"properties\\":{\\"view\\":\\"timeSeries\\",\\"title\\":\\"Jitter - us-east-1\\",\\"region\\":\\"us-east-1\\",\\"stacked\\":false,\\"metrics\\":[[{\\"label\\":\\"Jitter Customer to VC\\",\\"color\\":\\"#e377c2\\",\\"expression\\":\\"(jitterBetweenCustomerAndVC/100)\\"}],[\\"AWS/ChimeVoiceConnector\\",\\"CustomerToVcJitter\\",{\\"region\\":\\"us-east-1\\",\\"visible\\":false,\\"id\\":\\"jitterBetweenCustomerAndVC\\"}],[{\\"label\\":\\"Jitter VC to Customer\\",\\"color\\":\\"#bcbd22\\",\\"expression\\":\\"(jitterBetweenVCandCustomer/100)\\"}],[\\"AWS/ChimeVoiceConnector\\",\\"VcToCustomerJitter\\",{\\"region\\":\\"us-east-1\\",\\"visible\\":false,\\"id\\":\\"jitterBetweenVCandCustomer\\"}]],\\"annotations\\":{\\"horizontal\\":[{\\"label\\":\\"Acceptable Jitter in ms\\",\\"value\\":30,\\"yAxis\\":\\"left\\"}]},\\"yAxis\\":{\\"left\\":{\\"min\\":0}},\\"liveData\\":true,\\"period\\":60,\\"stat\\":\\"Average\\"}},{\\"type\\":\\"metric\\",\\"width\\":12,\\"height\\":6,\\"x\\":12,\\"y\\":66,\\"properties\\":{\\"view\\":\\"timeSeries\\",\\"title\\":\\"Jitter - us-west-2\\",\\"region\\":\\"us-west-2\\",\\"stacked\\":false,\\"metrics\\":[[{\\"label\\":\\"Jitter Customer to VC\\",\\"color\\":\\"#e377c2\\",\\"expression\\":\\"(jitterBetweenCustomerAndVC/100)\\"}],[\\"AWS/ChimeVoiceConnector\\",\\"CustomerToVcJitter\\",{\\"region\\":\\"us-west-2\\",\\"visible\\":false,\\"id\\":\\"jitterBetweenCustomerAndVC\\"}],[{\\"label\\":\\"Jitter VC to Customer\\",\\"color\\":\\"#bcbd22\\",\\"expression\\":\\"(jitterBetweenVCandCustomer/100)\\"}],[\\"AWS/ChimeVoiceConnector\\",\\"VcToCustomerJitter\\",{\\"region\\":\\"us-west-2\\",\\"visible\\":false,\\"id\\":\\"jitterBetweenVCandCustomer\\"}]],\\"annotations\\":{\\"horizontal\\":[{\\"label\\":\\"Acceptable Jitter in ms\\",\\"value\\":30,\\"yAxis\\":\\"left\\"}]},\\"yAxis\\":{\\"left\\":{\\"min\\":0}},\\"liveData\\":true,\\"period\\":60,\\"stat\\":\\"Average\\"}}]}",
        "DashboardName": "VoiceConnector",
      },
      "Type": "AWS::CloudWatch::Dashboard",
      "UpdateReplacePolicy": "Delete",
    },
  },
  "Rules": Object {
    "CheckBootstrapVersion": Object {
      "Assertions": Array [
        Object {
          "Assert": Object {
            "Fn::Not": Array [
              Object {
                "Fn::Contains": Array [
                  Array [
                    "1",
                    "2",
                    "3",
                    "4",
                    "5",
                  ],
                  Object {
                    "Ref": "BootstrapVersion",
                  },
                ],
              },
            ],
          },
          "AssertDescription": "CDK bootstrap stack version 6 required. Please run 'cdk bootstrap' with a recent version of the CDK CLI.",
        },
      ],
    },
  },
}
`;
